<?xml version="1.0" encoding="utf-8"?><testsuites name="pytest tests"><testsuite name="pytest" errors="0" failures="0" skipped="0" tests="18" time="12.840" timestamp="2026-09-26T13:17:35.113559+08:00" hostname="LAPTOP-DACAP410"><testcase classname="tests.test_workspace" name="test_official_dataset_summary" time="0.128" /><testcase classname="tests.test_workspace" name="test_provider_request_usage_and_raw[DeepSeekProvider-DEEPSEEK_API_KEY]" time="0.005" /><testcase classname="tests.test_workspace" name="test_provider_request_usage_and_raw[QwenProvider-DASHSCOPE_API_KEY]" time="0.004" /><testcase classname="tests.test_workspace" name="test_provider_errors_and_redaction[http]" time="0.003" /><testcase classname="tests.test_workspace" name="test_provider_errors_and_redaction[timeout]" time="0.003" /><testcase classname="tests.test_workspace" name="test_provider_errors_and_redaction[non_json]" time="0.004" /><testcase classname="tests.test_workspace" name="test_provider_errors_and_redaction[missing_content]" time="0.004" /><testcase classname="tests.test_workspace" name="test_runner_resume_failure_continuation_and_raw_fields" time="0.278" /><testcase classname="tests.test_workspace" name="test_interrupted_run_and_lock_release" time="0.109" /><testcase classname="tests.test_workspace" name="test_snapshot_mutation_rejected" time="0.058" /><testcase classname="tests.test_workspace" name="test_strict_loose_and_constraint_trace" time="1.847" /><testcase classname="tests.test_workspace" name="test_all_541_samples_agree_with_official_functions" time="7.957" /><testcase classname="tests.test_workspace" name="test_score_analyze_disagreements_and_rescore" time="0.682" /><testcase classname="tests.test_workspace" name="test_missing_runtime_and_grader_errors_not_model_failures" time="0.304" /><testcase classname="tests.test_workspace" name="test_empty_run_rates_are_null" time="0.121" /><testcase classname="tests.test_workspace" name="test_cli_small_run_and_offline_rescore[deepseek]" time="0.321" /><testcase classname="tests.test_workspace" name="test_cli_small_run_and_offline_rescore[qwen]" time="0.354" /><testcase classname="tests.test_workspace" name="test_cli_rejects_large_batch_before_provider" time="0.048" /></testsuite></testsuites>